mode: set
github.com/kurze/lab/cmd/server/config.go:52.51,56.16 3 0
github.com/kurze/lab/cmd/server/config.go:56.16,57.25 1 0
github.com/kurze/lab/cmd/server/config.go:57.25,59.4 1 0
github.com/kurze/lab/cmd/server/config.go:60.3,60.18 1 0
github.com/kurze/lab/cmd/server/config.go:63.2,63.53 1 0
github.com/kurze/lab/cmd/server/config.go:63.53,65.3 1 0
github.com/kurze/lab/cmd/server/config.go:67.2,67.20 1 0
github.com/kurze/lab/cmd/server/config.go:70.30,101.2 1 1
github.com/kurze/lab/cmd/server/config.go:103.35,104.59 1 1
github.com/kurze/lab/cmd/server/config.go:104.59,120.3 1 1
github.com/kurze/lab/cmd/server/config.go:122.2,122.58 1 1
github.com/kurze/lab/cmd/server/config.go:122.58,129.3 1 0
github.com/kurze/lab/cmd/server/config.go:131.2,131.41 1 1
github.com/kurze/lab/cmd/server/config.go:131.41,138.3 1 0
github.com/kurze/lab/cmd/server/config.go:140.2,140.12 1 1
github.com/kurze/lab/cmd/server/config.go:150.38,154.18 4 0
github.com/kurze/lab/cmd/server/config.go:154.18,156.3 1 0
github.com/kurze/lab/cmd/server/config.go:157.2,157.12 1 0
github.com/kurze/lab/cmd/server/config.go:160.53,162.16 2 0
github.com/kurze/lab/cmd/server/config.go:162.16,164.3 1 0
github.com/kurze/lab/cmd/server/config.go:165.2,165.43 1 0
github.com/kurze/lab/cmd/server/main.go:23.68,24.36 1 0
github.com/kurze/lab/cmd/server/main.go:24.36,27.19 2 0
github.com/kurze/lab/cmd/server/main.go:27.19,29.4 1 0
github.com/kurze/lab/cmd/server/main.go:31.3,31.42 1 0
github.com/kurze/lab/cmd/server/main.go:31.42,32.25 1 0
github.com/kurze/lab/cmd/server/main.go:32.25,34.5 1 0
github.com/kurze/lab/cmd/server/main.go:37.3,38.15 2 0
github.com/kurze/lab/cmd/server/main.go:42.13,44.16 2 0
github.com/kurze/lab/cmd/server/main.go:44.16,46.3 1 0
github.com/kurze/lab/cmd/server/main.go:48.2,48.42 1 0
github.com/kurze/lab/cmd/server/main.go:48.42,50.3 1 0
github.com/kurze/lab/cmd/server/main.go:52.2,52.53 1 0
github.com/kurze/lab/cmd/server/main.go:52.53,54.3 1 0
github.com/kurze/lab/cmd/server/main.go:56.2,57.16 2 0
github.com/kurze/lab/cmd/server/main.go:57.16,59.3 1 0
github.com/kurze/lab/cmd/server/main.go:60.2,64.16 4 0
github.com/kurze/lab/cmd/server/main.go:64.16,66.3 1 0
github.com/kurze/lab/cmd/server/main.go:69.2,103.67 7 0
github.com/kurze/lab/cmd/server/main.go:103.67,104.24 1 0
github.com/kurze/lab/cmd/server/main.go:104.24,107.4 2 0
github.com/kurze/lab/cmd/server/main.go:108.3,108.37 1 0
github.com/kurze/lab/cmd/server/main.go:112.2,122.71 5 0
github.com/kurze/lab/cmd/server/main.go:122.71,124.17 2 0
github.com/kurze/lab/cmd/server/main.go:124.17,128.4 3 0
github.com/kurze/lab/cmd/server/main.go:129.3,129.53 1 0
github.com/kurze/lab/cmd/server/main.go:134.2,134.89 1 0
github.com/kurze/lab/cmd/server/main.go:134.89,139.53 2 0
github.com/kurze/lab/cmd/server/main.go:139.53,142.4 2 0
github.com/kurze/lab/cmd/server/main.go:145.3,145.47 1 0
github.com/kurze/lab/cmd/server/main.go:149.2,166.12 10 0
github.com/kurze/lab/cmd/server/main.go:166.12,169.3 2 0
github.com/kurze/lab/cmd/server/main.go:171.2,171.12 1 0
github.com/kurze/lab/cmd/server/main.go:171.12,174.3 2 0
github.com/kurze/lab/cmd/server/main.go:177.2,180.9 3 0
github.com/kurze/lab/cmd/server/main.go:181.26,182.38 1 0
github.com/kurze/lab/cmd/server/main.go:183.17,189.56 4 0
github.com/kurze/lab/cmd/server/main.go:189.56,191.4 1 0
github.com/kurze/lab/cmd/server/main.go:193.3,193.42 1 0
github.com/kurze/lab/cmd/server/main.go:193.42,195.4 1 0
github.com/kurze/lab/cmd/server/main.go:197.3,197.33 1 0
github.com/kurze/lab/internal/chat/connection.go:29.57,38.2 4 1
github.com/kurze/lab/internal/chat/connection.go:41.51,43.2 1 1
github.com/kurze/lab/internal/chat/connection.go:46.43,47.42 1 1
github.com/kurze/lab/internal/chat/connection.go:47.42,49.3 1 1
github.com/kurze/lab/internal/chat/connection.go:50.2,50.11 1 0
github.com/kurze/lab/internal/chat/connection.go:54.39,56.2 1 1
github.com/kurze/lab/internal/chat/connection.go:59.46,61.2 1 1
github.com/kurze/lab/internal/chat/connection.go:65.44,67.18 1 1
github.com/kurze/lab/internal/chat/connection.go:67.18,69.3 1 1
github.com/kurze/lab/internal/chat/connection.go:71.2,71.9 1 1
github.com/kurze/lab/internal/chat/connection.go:72.25,73.14 1 1
github.com/kurze/lab/internal/chat/connection.go:74.10,76.15 1 1
github.com/kurze/lab/internal/chat/connection.go:81.30,82.42 1 1
github.com/kurze/lab/internal/chat/connection.go:82.42,84.3 1 1
github.com/kurze/lab/internal/chat/connection.go:88.38,90.2 1 1
github.com/kurze/lab/internal/chat/logger.go:21.64,23.16 2 1
github.com/kurze/lab/internal/chat/logger.go:23.16,25.3 1 0
github.com/kurze/lab/internal/chat/logger.go:27.2,37.20 4 1
github.com/kurze/lab/internal/chat/logger.go:41.43,42.9 1 1
github.com/kurze/lab/internal/chat/logger.go:43.24,43.24 0 1
github.com/kurze/lab/internal/chat/logger.go:45.10,45.10 0 1
github.com/kurze/lab/internal/chat/logger.go:52.37,56.6 3 1
github.com/kurze/lab/internal/chat/logger.go:56.6,57.10 1 1
github.com/kurze/lab/internal/chat/logger.go:58.27,59.46 1 1
github.com/kurze/lab/internal/chat/logger.go:59.46,61.5 1 0
github.com/kurze/lab/internal/chat/logger.go:63.22,64.8 1 1
github.com/kurze/lab/internal/chat/logger.go:64.8,65.12 1 1
github.com/kurze/lab/internal/chat/logger.go:66.29,67.48 1 1
github.com/kurze/lab/internal/chat/logger.go:67.48,69.7 1 0
github.com/kurze/lab/internal/chat/logger.go:70.13,71.12 1 1
github.com/kurze/lab/internal/chat/logger.go:79.39,86.2 5 1
github.com/kurze/lab/internal/chat/logger.go:89.56,91.16 2 1
github.com/kurze/lab/internal/chat/logger.go:91.16,92.25 1 1
github.com/kurze/lab/internal/chat/logger.go:92.25,94.4 1 1
github.com/kurze/lab/internal/chat/logger.go:95.3,95.18 1 0
github.com/kurze/lab/internal/chat/logger.go:97.2,102.21 4 1
github.com/kurze/lab/internal/chat/logger.go:102.21,104.17 2 1
github.com/kurze/lab/internal/chat/logger.go:104.17,105.12 1 0
github.com/kurze/lab/internal/chat/logger.go:108.3,109.60 2 1
github.com/kurze/lab/internal/chat/logger.go:109.60,110.12 1 1
github.com/kurze/lab/internal/chat/logger.go:112.3,112.36 1 1
github.com/kurze/lab/internal/chat/logger.go:115.2,115.22 1 1
github.com/kurze/lab/internal/chat/message.go:19.59,26.2 1 1
github.com/kurze/lab/internal/chat/message.go:47.35,61.16 3 1
github.com/kurze/lab/internal/chat/message.go:61.16,63.3 1 0
github.com/kurze/lab/internal/chat/message.go:64.2,64.22 1 1
github.com/kurze/lab/internal/chat/message.go:68.35,76.2 1 1
github.com/kurze/lab/internal/chat/message.go:79.44,91.16 3 1
github.com/kurze/lab/internal/chat/message.go:91.16,93.3 1 0
github.com/kurze/lab/internal/chat/message.go:94.2,94.22 1 1
github.com/kurze/lab/internal/chat/message.go:98.40,102.2 1 1
github.com/kurze/lab/internal/chat/message.go:105.38,107.16 2 1
github.com/kurze/lab/internal/chat/message.go:107.16,109.3 1 1
github.com/kurze/lab/internal/chat/message.go:111.2,119.16 3 1
github.com/kurze/lab/internal/chat/message.go:119.16,121.3 1 0
github.com/kurze/lab/internal/chat/message.go:122.2,122.22 1 1
github.com/kurze/lab/internal/chat/message.go:126.38,128.16 2 1
github.com/kurze/lab/internal/chat/message.go:128.16,130.3 1 1
github.com/kurze/lab/internal/chat/message.go:131.2,132.57 1 1
github.com/kurze/lab/internal/chat/message.go:136.34,137.12 1 1
github.com/kurze/lab/internal/chat/message.go:137.12,139.3 1 0
github.com/kurze/lab/internal/chat/message.go:141.2,142.14 2 1
github.com/kurze/lab/internal/chat/message.go:142.14,144.3 1 0
github.com/kurze/lab/internal/chat/message.go:146.2,149.12 3 1
github.com/kurze/lab/internal/chat/message.go:149.12,153.3 3 1
github.com/kurze/lab/internal/chat/message.go:155.2,155.14 1 1
github.com/kurze/lab/internal/chat/message.go:155.14,158.3 2 0
github.com/kurze/lab/internal/chat/message.go:160.2,160.26 1 1
github.com/kurze/lab/internal/chat/message.go:164.30,166.2 1 1
github.com/kurze/lab/internal/chat/nicknames.go:105.38,118.2 5 1
github.com/kurze/lab/internal/chat/nicknames.go:122.49,127.46 4 1
github.com/kurze/lab/internal/chat/nicknames.go:127.46,133.49 4 1
github.com/kurze/lab/internal/chat/nicknames.go:133.49,136.4 2 1
github.com/kurze/lab/internal/chat/nicknames.go:137.3,137.13 1 1
github.com/kurze/lab/internal/chat/nicknames.go:142.55,143.32 1 1
github.com/kurze/lab/internal/chat/nicknames.go:143.32,144.20 1 1
github.com/kurze/lab/internal/chat/nicknames.go:144.20,146.4 1 1
github.com/kurze/lab/internal/chat/nicknames.go:148.2,148.14 1 1
github.com/kurze/lab/internal/chat/nicknames.go:151.42,159.60 6 1
github.com/kurze/lab/internal/chat/nicknames.go:159.60,161.3 1 1
github.com/kurze/lab/internal/chat/nicknames.go:163.2,163.29 1 1
github.com/kurze/lab/internal/chat/nicknames.go:163.29,165.3 1 1
github.com/kurze/lab/internal/chat/nicknames.go:167.2,167.40 1 1
github.com/kurze/lab/internal/chat/nicknames.go:167.40,169.3 1 1
github.com/kurze/lab/internal/chat/nicknames.go:171.2,171.27 1 1
github.com/kurze/lab/internal/chat/nicknames.go:171.27,172.7 1 0
github.com/kurze/lab/internal/chat/nicknames.go:172.7,176.25 4 0
github.com/kurze/lab/internal/chat/nicknames.go:176.25,180.5 3 0
github.com/kurze/lab/internal/chat/nicknames.go:184.2,191.17 6 1
github.com/kurze/lab/internal/chat/nicknames.go:194.49,196.33 2 1
github.com/kurze/lab/internal/chat/nicknames.go:196.33,197.30 1 1
github.com/kurze/lab/internal/chat/nicknames.go:197.30,199.25 2 1
github.com/kurze/lab/internal/chat/nicknames.go:199.25,201.5 1 1
github.com/kurze/lab/internal/chat/nicknames.go:205.2,205.47 1 1
github.com/kurze/lab/internal/chat/nicknames.go:205.47,208.3 2 1
github.com/kurze/lab/internal/chat/nicknames.go:209.2,209.20 1 1
github.com/kurze/lab/internal/chat/nicknames.go:212.58,213.43 1 1
github.com/kurze/lab/internal/chat/nicknames.go:213.43,217.3 3 0
github.com/kurze/lab/internal/chat/nicknames.go:219.2,224.17 5 1
github.com/kurze/lab/internal/chat/nicknames.go:228.49,233.23 3 1
github.com/kurze/lab/internal/chat/nicknames.go:233.23,235.3 1 1
github.com/kurze/lab/internal/chat/nicknames.go:237.2,242.20 4 1
github.com/kurze/lab/internal/chat/nicknames.go:246.40,248.2 1 1
github.com/kurze/lab/internal/chat/nicknames.go:251.35,253.2 1 1
github.com/kurze/lab/internal/chat/ringbuffer.go:16.46,21.2 1 1
github.com/kurze/lab/internal/chat/ringbuffer.go:23.42,30.24 5 1
github.com/kurze/lab/internal/chat/ringbuffer.go:30.24,32.3 1 1
github.com/kurze/lab/internal/chat/ringbuffer.go:32.8,34.3 1 1
github.com/kurze/lab/internal/chat/ringbuffer.go:37.49,41.19 3 1
github.com/kurze/lab/internal/chat/ringbuffer.go:41.19,43.3 1 0
github.com/kurze/lab/internal/chat/ringbuffer.go:45.2,45.18 1 1
github.com/kurze/lab/internal/chat/ringbuffer.go:45.18,47.3 1 0
github.com/kurze/lab/internal/chat/ringbuffer.go:49.2,52.25 3 1
github.com/kurze/lab/internal/chat/ringbuffer.go:52.25,55.3 2 1
github.com/kurze/lab/internal/chat/ringbuffer.go:57.2,57.15 1 1
github.com/kurze/lab/internal/chat/ringbuffer.go:60.61,64.19 3 1
github.com/kurze/lab/internal/chat/ringbuffer.go:64.19,66.3 1 0
github.com/kurze/lab/internal/chat/ringbuffer.go:68.2,69.14 2 1
github.com/kurze/lab/internal/chat/ringbuffer.go:69.14,71.3 1 0
github.com/kurze/lab/internal/chat/ringbuffer.go:73.2,74.15 2 1
github.com/kurze/lab/internal/chat/ringbuffer.go:74.15,76.3 1 0
github.com/kurze/lab/internal/chat/ringbuffer.go:78.2,83.34 4 1
github.com/kurze/lab/internal/chat/ringbuffer.go:83.34,86.3 2 1
github.com/kurze/lab/internal/chat/ringbuffer.go:88.2,88.15 1 1
github.com/kurze/lab/internal/chat/ringbuffer.go:91.35,95.2 3 1
github.com/kurze/lab/internal/chat/ringbuffer.go:97.38,99.2 1 0
github.com/kurze/lab/internal/chat/state.go:26.55,29.16 2 1
github.com/kurze/lab/internal/chat/state.go:29.16,31.3 1 0
github.com/kurze/lab/internal/chat/state.go:33.2,42.16 3 1
github.com/kurze/lab/internal/chat/state.go:42.16,45.3 2 0
github.com/kurze/lab/internal/chat/state.go:48.2,49.22 2 1
github.com/kurze/lab/internal/chat/state.go:49.22,51.3 1 1
github.com/kurze/lab/internal/chat/state.go:51.8,53.3 1 0
github.com/kurze/lab/internal/chat/state.go:56.2,56.29 1 1
github.com/kurze/lab/internal/chat/state.go:56.29,58.40 2 0
github.com/kurze/lab/internal/chat/state.go:58.40,61.4 2 0
github.com/kurze/lab/internal/chat/state.go:64.3,64.46 1 0
github.com/kurze/lab/internal/chat/state.go:64.46,66.4 1 0
github.com/kurze/lab/internal/chat/state.go:69.3,71.57 3 0
github.com/kurze/lab/internal/chat/state.go:74.2,74.19 1 1
github.com/kurze/lab/internal/chat/state.go:78.35,79.21 1 1
github.com/kurze/lab/internal/chat/state.go:79.21,81.3 1 1
github.com/kurze/lab/internal/chat/state.go:82.2,82.12 1 0
github.com/kurze/lab/internal/chat/state.go:86.64,94.21 4 1
github.com/kurze/lab/internal/chat/state.go:94.21,96.3 1 1
github.com/kurze/lab/internal/chat/state.go:98.2,98.12 1 1
github.com/kurze/lab/internal/chat/state.go:103.48,105.2 1 1
github.com/kurze/lab/internal/chat/state.go:110.59,112.2 1 1
github.com/kurze/lab/internal/chat/state.go:115.53,119.2 3 1
github.com/kurze/lab/internal/chat/state.go:123.59,128.13 4 1
github.com/kurze/lab/internal/chat/state.go:128.13,130.3 1 1
github.com/kurze/lab/internal/chat/state.go:133.2,133.21 1 1
github.com/kurze/lab/internal/chat/state.go:133.21,136.3 2 0
github.com/kurze/lab/internal/chat/state.go:139.2,146.20 4 1
github.com/kurze/lab/internal/chat/state.go:146.20,148.3 1 1
github.com/kurze/lab/internal/chat/state.go:150.2,150.17 1 1
github.com/kurze/lab/internal/chat/state.go:154.69,159.2 4 1
github.com/kurze/lab/internal/chat/state.go:162.43,166.2 3 1
github.com/kurze/lab/internal/chat/state.go:169.43,173.37 3 1
github.com/kurze/lab/internal/chat/state.go:173.37,175.23 1 1
github.com/kurze/lab/internal/chat/state.go:175.23,177.4 1 1
github.com/kurze/lab/internal/chat/state.go:179.2,182.29 2 1
github.com/kurze/lab/internal/chat/state.go:182.29,184.3 1 1
github.com/kurze/lab/internal/chat/state.go:188.69,192.38 3 1
github.com/kurze/lab/internal/chat/state.go:192.38,194.41 1 1
github.com/kurze/lab/internal/chat/state.go:194.41,196.4 1 1
github.com/kurze/lab/internal/chat/state.go:198.2,201.29 2 1
github.com/kurze/lab/internal/chat/state.go:201.29,203.3 1 1
github.com/kurze/lab/internal/chat/state.go:207.47,209.2 1 1
github.com/kurze/lab/internal/chat/state.go:212.63,214.2 1 1
